src/components/WebTab.tsx(26,25): error TS7053: Element implicitly has an 'any' type because expression of type '"aside"' can't be used to index type 'Document'.
  Property 'aside' does not exist on type 'Document'.
src/components/WebTab.tsx(28,14): error TS2695: Left side of comma operator is unused and has no side effects.
src/components/WebTab.tsx(28,14): error TS2695: Left side of comma operator is unused and has no side effects.
src/components/WebTab.tsx(28,14): error TS2695: Left side of comma operator is unused and has no side effects.
src/components/WebTab.tsx(28,14): error TS2695: Left side of comma operator is unused and has no side effects.
src/components/WebTab.tsx(28,14): error TS2695: Left side of comma operator is unused and has no side effects.
src/components/WebTab.tsx(28,77): error TS7006: Parameter 'sel' implicitly has an 'any' type.
src/components/WebTab.tsx(29,51): error TS7006: Parameter 'el' implicitly has an 'any' type.
